2026-09-01 06:50:59 Loaded main app package /usr/lib/obsidian/obsidian.asar
2026-09-01 06:50:59 Checking for update using Github
2026-09-01 06:50:59 Success.
2026-09-01 06:50:59 Latest version is 1.13.7
2026-09-01 06:50:59 App is up to date.
2026-09-01 08:05:27 Checking for update using Github
2026-09-01 08:05:27 Success.
2026-09-01 08:05:27 Latest version is 1.13.7
2026-09-01 08:05:27 App is up to date.
2026-09-02 08:01:46 Loaded main app package /usr/lib/obsidian/obsidian.asar
2026-09-02 08:01:47 Checking for update using Github
2026-09-02 08:01:47 Success.
2026-09-02 08:01:47 Latest version is 1.13.7
2026-09-02 08:01:47 App is up to date.
2026-09-02 09:40:56 Loaded main app package /usr/lib/obsidian/obsidian.asar
2026-09-02 09:40:56 Checking for update using Github
2026-09-02 09:40:57 Success.
2026-09-02 09:40:57 Latest version is 1.13.7
2026-09-02 09:40:57 App is up to date.
2026-09-02 10:40:56 Checking for update using Github
2026-09-02 10:40:56 Success.
2026-09-02 10:40:56 Latest version is 1.13.7
2026-09-02 10:40:56 App is up to date.
2026-09-03 06:16:57 Loaded main app package /usr/lib/obsidian/obsidian.asar
2026-09-03 06:16:58 Checking for update using Github
2026-09-03 06:16:58 Success.
2026-09-03 06:16:58 Latest version is 1.13.7
2026-09-03 06:16:58 App is up to date.
2026-09-03 07:52:46 Loaded main app package /usr/lib/obsidian/obsidian.asar
2026-09-03 07:52:46 Checking for update using Github
2026-09-03 07:52:46 Success.
2026-09-03 07:52:46 Latest version is 1.13.7
2026-09-03 07:52:46 App is up to date.
2026-09-04 05:50:29 Loaded main app package /usr/lib/obsidian/obsidian.asar
2026-09-04 05:50:30 Checking for update using Github
2026-09-04 05:50:30 Success.
2026-09-04 05:50:30 Latest version is 1.13.7
2026-09-04 05:50:30 App is up to date.
2026-09-04 08:37:27 Loaded main app package /usr/lib/obsidian/obsidian.asar
2026-09-04 08:37:28 Checking for update using Github
2026-09-04 08:37:28 Success.
2026-09-04 08:37:28 Latest version is 1.13.7
2026-09-04 08:37:28 App is up to date.
2026-09-07 05:50:49 Loaded main app package /usr/lib/obsidian/obsidian.asar
2026-09-07 05:50:49 Checking for update using Github
2026-09-07 05:50:49 Success.
2026-09-07 05:50:49 Latest version is 1.13.7
2026-09-07 05:50:49 App is up to date.
2026-09-07 06:28:30 Loaded main app package /usr/lib/obsidian/obsidian.asar
2026-09-07 06:28:31 Checking for update using Github
2026-09-07 06:28:31 Success.
2026-09-07 06:28:31 Latest version is 1.13.7
2026-09-07 06:28:31 App is up to date.
2026-09-10 05:52:38 Loaded main app package /usr/lib/obsidian/obsidian.asar
2026-09-10 05:52:39 Checking for update using Github
2026-09-10 05:52:40 Success.
2026-09-10 05:52:40 Latest version is 1.13.7
2026-09-10 05:52:40 App is up to date.
2026-09-10 07:39:27 Loaded main app package /usr/lib/obsidian/obsidian.asar
2026-09-10 07:39:28 Checking for update using Github
2026-09-10 07:39:28 Success.
2026-09-10 07:39:28 Latest version is 1.13.7
2026-09-10 07:39:28 App is up to date.
2026-09-11 08:01:37 Loaded main app package /usr/lib/obsidian/obsidian.asar
2026-09-11 08:01:37 Checking for update using Github
2026-09-11 08:01:37 Failed to check for update using Github (net::ERR_INTERNET_DISCONNECTED)
2026-09-11 08:01:37 Checking for update using obsidian.md
2026-09-11 08:01:37 Failed to check for update using obsidian.md (net::ERR_INTERNET_DISCONNECTED)
2026-09-11 08:15:33 Loaded main app package /usr/lib/obsidian/obsidian.asar
2026-09-11 08:15:33 Checking for update using Github
2026-09-11 08:15:34 Failed to check for update using Github (net::ERR_CONNECTION_RESET)
2026-09-11 08:15:34 Checking for update using obsidian.md
2026-09-11 08:15:34 Failed to check for update using obsidian.md (net::ERR_CONNECTION_RESET)
2026-09-14 06:07:41 Loaded main app package /usr/lib/obsidian/obsidian.asar
2026-09-14 06:07:41 Checking for update using Github
2026-09-14 06:07:42 Failed to check for update using Github (net::ERR_CONNECTION_RESET)
2026-09-14 06:07:42 Checking for update using obsidian.md
2026-09-14 06:07:42 Failed to check for update using obsidian.md (net::ERR_CONNECTION_RESET)
2026-09-14 09:01:50 Loaded main app package /usr/lib/obsidian/obsidian.asar
2026-09-14 09:01:51 Checking for update using Github
2026-09-14 09:01:51 Failed to check for update using Github (net::ERR_INTERNET_DISCONNECTED)
2026-09-14 09:01:51 Checking for update using obsidian.md
2026-09-14 09:01:51 Failed to check for update using obsidian.md (net::ERR_INTERNET_DISCONNECTED)
2026-09-14 10:49:08 Loaded main app package /usr/lib/obsidian/obsidian.asar
2026-09-14 10:49:09 Checking for update using Github
2026-09-14 10:49:09 Success.
2026-09-14 10:49:09 Latest version is 1.13.7
2026-09-14 10:49:09 App is up to date.
2026-09-14 17:08:51 Loaded main app package /usr/lib/obsidian/obsidian.asar
2026-09-14 17:08:51 Checking for update using Github
2026-09-14 17:08:52 Success.
2026-09-14 17:08:52 Latest version is 1.13.7
2026-09-14 17:08:52 App is up to date.
2026-09-14 18:08:51 Checking for update using Github
2026-09-14 18:08:51 Success.
2026-09-14 18:08:51 Latest version is 1.13.7
2026-09-14 18:08:51 App is up to date.
2026-09-14 19:08:51 Checking for update using Github
2026-09-14 19:08:51 Success.
2026-09-14 19:08:51 Latest version is 1.13.7
2026-09-14 19:08:51 App is up to date.
2026-09-15 07:41:26 Loaded main app package /usr/lib/obsidian/obsidian.asar
2026-09-15 07:41:27 Checking for update using Github
2026-09-15 07:41:27 Failed to check for update using Github (net::ERR_CONNECTION_RESET)
2026-09-15 07:41:27 Checking for update using obsidian.md
2026-09-15 07:41:28 Failed to check for update using obsidian.md (net::ERR_CONNECTION_RESET)
2026-09-15 08:50:59 Checking for update using Github
2026-09-15 08:50:59 Success.
2026-09-15 08:50:59 Latest version is 1.13.7
2026-09-15 08:50:59 App is up to date.
2026-09-16 07:01:20 Loaded main app package /usr/lib/obsidian/obsidian.asar
2026-09-16 07:01:21 Checking for update using Github
2026-09-16 07:01:21 Failed to check for update using Github (net::ERR_CONNECTION_RESET)
2026-09-16 07:01:21 Checking for update using obsidian.md
2026-09-16 07:01:21 Failed to check for update using obsidian.md (net::ERR_CONNECTION_RESET)
2026-09-16 08:09:33 Checking for update using Github
2026-09-16 08:09:34 Success.
2026-09-16 08:09:34 Latest version is 1.13.7
2026-09-16 08:09:34 App is up to date.
2026-09-16 09:15:01 Checking for update using Github
2026-09-16 09:15:01 Success.
2026-09-16 09:15:01 Latest version is 1.13.7
2026-09-16 09:15:01 App is up to date.
2026-09-16 10:15:01 Checking for update using Github
2026-09-16 10:15:01 Success.
2026-09-16 10:15:01 Latest version is 1.13.7
2026-09-16 10:15:01 App is up to date.
2026-09-16 11:59:10 Checking for update using Github
2026-09-16 11:59:10 Success.
2026-09-16 11:59:10 Latest version is 1.13.7
2026-09-16 11:59:10 App is up to date.
